[14:09:09] INFO       Client 3 done | train_loss=0.9154 |        simulate.py:283
                    n_train=524 | local_test_macro_f1=nan                       
           INFO       Client 2 training ...                      simulate.py:277
[14:09:14] INFO       Client 2 done | train_loss=0.8401 |        simulate.py:283
                    n_train=1087 | local_test_macro_f1=nan                      
           INFO       Aggregating (fedadam)                      simulate.py:301
[14:09:18] INFO     Round  49 | val F1=0.4837 acc=0.7461 |     server_app.py:144
                    test F1=0.4762 acc=0.7097                                   
FL rounds | isic2018_fedadam_a0.5_K10_E2_eta0.0001_s42:  98%|█████████▊| 49/50 [25:47<00:29, 29.47s/round] , tF1=0.476, vF1=0.484           INFO     Round 50/50 | sampled clients (5/10): 4, 9,  simulate.py:264
                    2, 0, 5                                                     
           INFO       Client 4 training ...                      simulate.py:277
[14:09:23] INFO       Client 4 done | train_loss=0.8605 |        simulate.py:283
                    n_train=863 | local_test_macro_f1=nan                       
           INFO       Client 9 training ...                      simulate.py:277
[14:09:29] INFO       Client 9 done | train_loss=0.8334 |        simulate.py:283
                    n_train=1591 | local_test_macro_f1=nan                      
           INFO       Client 2 training ...                      simulate.py:277
[14:09:35] INFO       Client 2 done | train_loss=0.8292 |        simulate.py:283
                    n_train=1087 | local_test_macro_f1=nan                      
           INFO       Client 0 training ...                      simulate.py:277
[14:09:39] INFO       Client 0 done | train_loss=0.8230 |        simulate.py:283
                    n_train=755 | local_test_macro_f1=nan                       
           INFO       Client 5 training ...                      simulate.py:277
[14:09:42] INFO       Client 5 done | train_loss=0.9228 |        simulate.py:283
                    n_train=326 | local_test_macro_f1=nan                       
           INFO       Aggregating (fedadam)                      simulate.py:301
[14:09:46] INFO     Round  50 | val F1=0.5160 acc=0.7617 |     server_app.py:144
                    test F1=0.4617 acc=0.7037                                   
FL rounds | isic2018_fedadam_a0.5_K10_E2_eta0.0001_s42: 100%|██████████| 50/50 [26:15<00:00, 29.36s/round] , tF1=0.462, vF1=0.516FL rounds | isic2018_fedadam_a0.5_K10_E2_eta0.0001_s42: 100%|██████████| 50/50 [26:15<00:00, 31.52s/round] , tF1=0.462, vF1=0.516
[14:09:52] INFO     Selected round 50 (best validation macro-F1) simulate.py:336
                    | val F1=0.5160 | test F1=0.4617 acc=0.7037                 
           INFO     Results saved to                            strategies.py:93
                    /workspace/results_r1/isic2018_fedadam_a0.5                 
                    _K10_E2_eta0.0001_s42/summary.json                          
           INFO     Simulation complete. Results in              simulate.py:369
                    /workspace/results_r1/isic2018_fedadam_a0.5_                
                    K10_E2_eta0.0001_s42/                                       
           INFO     Done. Results in                    experiment_runner.py:321
                    /workspace/results_r1/isic2018_feda                         
                    dam_a0.5_K10_E2_eta0.0001_s42/                              
