[12:30:04] INFO       Client 3 done | train_loss=0.6795 |        simulate.py:283
                    n_train=713 | local_test_macro_f1=nan                       
           INFO       Client 2 training ...                      simulate.py:277
[12:30:26] INFO       Client 2 done | train_loss=0.0608 |        simulate.py:283
                    n_train=3523 | local_test_macro_f1=nan                      
           INFO       Aggregating (fedprox)                      simulate.py:301
[12:30:34] INFO     Round  49 | val F1=0.5265 acc=0.7221 |     server_app.py:144
                    test F1=0.5025 acc=0.7214                                   
FL rounds | isic2019_fedprox_a0.5_K10_E2_mu0.01_s42:  98%|█████████▊| 48/49 [1:04:39<01:21, 81.47s/round] , tF1=0.503, vF1=0.527           INFO     Round 50/50 | sampled clients (5/10): 4, 9,  simulate.py:264
                    2, 0, 5                                                     
           INFO       Client 4 training ...                      simulate.py:277
[12:30:57] INFO       Client 4 done | train_loss=0.1838 |        simulate.py:283
                    n_train=3342 | local_test_macro_f1=nan                      
           INFO       Client 9 training ...                      simulate.py:277
[12:31:07] INFO       Client 9 done | train_loss=0.2292 |        simulate.py:283
                    n_train=1514 | local_test_macro_f1=nan                      
           INFO       Client 2 training ...                      simulate.py:277
[12:31:29] INFO       Client 2 done | train_loss=0.0645 |        simulate.py:283
                    n_train=3523 | local_test_macro_f1=nan                      
           INFO       Client 0 training ...                      simulate.py:277
[12:31:33] INFO       Client 0 done | train_loss=0.7760 |        simulate.py:283
                    n_train=382 | local_test_macro_f1=nan                       
           INFO       Client 5 training ...                      simulate.py:277
[12:31:56] INFO       Client 5 done | train_loss=0.0691 |        simulate.py:283
                    n_train=3672 | local_test_macro_f1=nan                      
           INFO       Aggregating (fedprox)                      simulate.py:301
[12:32:04] INFO     Round  50 | val F1=0.5139 acc=0.7280 |     server_app.py:144
                    test F1=0.4929 acc=0.7257                                   
FL rounds | isic2019_fedprox_a0.5_K10_E2_mu0.01_s42: 100%|██████████| 49/49 [1:06:09<00:00, 82.19s/round] , tF1=0.493, vF1=0.514FL rounds | isic2019_fedprox_a0.5_K10_E2_mu0.01_s42: 100%|██████████| 49/49 [1:06:09<00:00, 81.01s/round] , tF1=0.493, vF1=0.514
[12:32:18] INFO     Selected round 43 (best validation macro-F1) simulate.py:336
                    | val F1=0.5481 | test F1=0.5038 acc=0.7234                 
[12:32:19] INFO     Results saved to                            strategies.py:93
                    /workspace/results_r1/isic2019_fedprox_a0.5                 
                    _K10_E2_mu0.01_s42/summary.json                             
           INFO     Simulation complete. Results in              simulate.py:369
                    /workspace/results_r1/isic2019_fedprox_a0.5_                
                    K10_E2_mu0.01_s42/                                          
           INFO     Done. Results in                    experiment_runner.py:321
                    /workspace/results_r1/isic2019_fedp                         
                    rox_a0.5_K10_E2_mu0.01_s42/                                 
