[12:32:14] INFO       Client 3 done | train_loss=0.9149 |        simulate.py:283
                    n_train=713 | local_test_macro_f1=nan                       
           INFO       Client 2 training ...                      simulate.py:277
[12:32:33] INFO       Client 2 done | train_loss=0.7387 |        simulate.py:283
                    n_train=3523 | local_test_macro_f1=nan                      
           INFO       Aggregating (fedadam)                      simulate.py:301
[12:32:42] INFO     Round  49 | val F1=0.4499 acc=0.6475 |     server_app.py:144
                    test F1=0.4046 acc=0.6259                                   
FL rounds | isic2019_fedadam_a0.5_K10_E2_eta0.0001_s42:  98%|█████████▊| 49/50 [1:05:49<01:22, 82.96s/round] , tF1=0.405, vF1=0.450           INFO     Round 50/50 | sampled clients (5/10): 4, 9,  simulate.py:264
                    2, 0, 5                                                     
           INFO       Client 4 training ...                      simulate.py:277
[12:33:01] INFO       Client 4 done | train_loss=0.8573 |        simulate.py:283
                    n_train=3342 | local_test_macro_f1=nan                      
           INFO       Client 9 training ...                      simulate.py:277
[12:33:12] INFO       Client 9 done | train_loss=0.8526 |        simulate.py:283
                    n_train=1514 | local_test_macro_f1=nan                      
           INFO       Client 2 training ...                      simulate.py:277
[12:33:34] INFO       Client 2 done | train_loss=0.7357 |        simulate.py:283
                    n_train=3523 | local_test_macro_f1=nan                      
           INFO       Client 0 training ...                      simulate.py:277
[12:33:38] INFO       Client 0 done | train_loss=1.1018 |        simulate.py:283
                    n_train=382 | local_test_macro_f1=nan                       
           INFO       Client 5 training ...                      simulate.py:277
[12:34:01] INFO       Client 5 done | train_loss=0.7571 |        simulate.py:283
                    n_train=3672 | local_test_macro_f1=nan                      
           INFO       Aggregating (fedadam)                      simulate.py:301
[12:34:12] INFO     Round  50 | val F1=0.4481 acc=0.6557 |     server_app.py:144
                    test F1=0.4023 acc=0.6342                                   
FL rounds | isic2019_fedadam_a0.5_K10_E2_eta0.0001_s42: 100%|██████████| 50/50 [1:07:18<00:00, 83.49s/round] , tF1=0.402, vF1=0.448FL rounds | isic2019_fedadam_a0.5_K10_E2_eta0.0001_s42: 100%|██████████| 50/50 [1:07:18<00:00, 80.77s/round] , tF1=0.402, vF1=0.448
[12:34:26] INFO     Selected round 47 (best validation macro-F1) simulate.py:336
                    | val F1=0.4611 | test F1=0.4091 acc=0.6330                 
           INFO     Results saved to                            strategies.py:93
                    /workspace/results_r1/isic2019_fedadam_a0.5                 
                    _K10_E2_eta0.0001_s42/summary.json                          
           INFO     Simulation complete. Results in              simulate.py:369
                    /workspace/results_r1/isic2019_fedadam_a0.5_                
                    K10_E2_eta0.0001_s42/                                       
           INFO     Done. Results in                    experiment_runner.py:321
                    /workspace/results_r1/isic2019_feda                         
                    dam_a0.5_K10_E2_eta0.0001_s42/                              
