[12:57:15] INFO       Client 3 done | train_loss=0.1325 |        simulate.py:283
                    n_train=524 | local_test_macro_f1=nan                       
           INFO       Client 2 training ...                      simulate.py:277
[12:57:34] INFO       Client 2 done | train_loss=0.0078 |        simulate.py:283
                    n_train=1087 | local_test_macro_f1=nan                      
           INFO       Aggregating (fedavg)                       simulate.py:301
[12:57:40] INFO     Round  49 | val F1=0.4410 acc=0.7513 |     server_app.py:144
                    test F1=0.6087 acc=0.7731                                   
FL rounds | isic2018_fedavg_a0.5_K10_E5_s42:  98%|█████████▊| 49/50 [1:20:36<01:37, 97.88s/round] , tF1=0.609, vF1=0.441           INFO     Round 50/50 | sampled clients (5/10): 4, 9,  simulate.py:264
                    2, 0, 5                                                     
           INFO       Client 4 training ...                      simulate.py:277
[12:57:57] INFO       Client 4 done | train_loss=0.0715 |        simulate.py:283
                    n_train=863 | local_test_macro_f1=nan                       
           INFO       Client 9 training ...                      simulate.py:277
[12:58:22] INFO       Client 9 done | train_loss=0.0348 |        simulate.py:283
                    n_train=1591 | local_test_macro_f1=nan                      
           INFO       Client 2 training ...                      simulate.py:277
[12:58:42] INFO       Client 2 done | train_loss=0.0068 |        simulate.py:283
                    n_train=1087 | local_test_macro_f1=nan                      
           INFO       Client 0 training ...                      simulate.py:277
[12:58:56] INFO       Client 0 done | train_loss=0.1055 |        simulate.py:283
                    n_train=755 | local_test_macro_f1=nan                       
           INFO       Client 5 training ...                      simulate.py:277
[12:59:05] INFO       Client 5 done | train_loss=0.3563 |        simulate.py:283
                    n_train=326 | local_test_macro_f1=nan                       
           INFO       Aggregating (fedavg)                       simulate.py:301
[12:59:10] INFO     Round  50 | val F1=0.5091 acc=0.7772 |     server_app.py:144
                    test F1=0.6412 acc=0.7857                                   
FL rounds | isic2018_fedavg_a0.5_K10_E5_s42: 100%|██████████| 50/50 [1:22:06<00:00, 97.31s/round] , tF1=0.641, vF1=0.509FL rounds | isic2018_fedavg_a0.5_K10_E5_s42: 100%|██████████| 50/50 [1:22:06<00:00, 98.54s/round] , tF1=0.641, vF1=0.509
[12:59:19] INFO     Selected round 15 (best validation macro-F1) simulate.py:336
                    | val F1=0.5567 | test F1=0.6082 acc=0.7513                 
           INFO     Results saved to                            strategies.py:93
                    /workspace/results_r1/isic2018_fedavg_a0.5_                 
                    K10_E5_s42/summary.json                                     
           INFO     Simulation complete. Results in              simulate.py:369
                    /workspace/results_r1/isic2018_fedavg_a0.5_K                
                    10_E5_s42/                                                  
[12:59:20] INFO     Done. Results in                    experiment_runner.py:321
                    /workspace/results_r1/isic2018_feda                         
                    vg_a0.5_K10_E5_s42/                                         
