[17:52:01] INFO       Client 6 done | train_loss=0.7651 |        simulate.py:283
                    n_train=322 | local_test_macro_f1=nan                       
           INFO       Client 3 training ...                      simulate.py:277
[17:52:03] INFO       Client 3 done | train_loss=0.3444 |        simulate.py:283
                    n_train=185 | local_test_macro_f1=nan                       
           INFO       Client 1 training ...                      simulate.py:277
[17:52:16] INFO       Client 1 done | train_loss=0.1813 |        simulate.py:283
                    n_train=2210 | local_test_macro_f1=nan                      
           INFO       Client 8 training ...                      simulate.py:277
[17:52:20] INFO       Client 8 done | train_loss=0.6906 |        simulate.py:283
                    n_train=294 | local_test_macro_f1=nan                       
           INFO       Aggregating (fedadam)                      simulate.py:301
[17:52:25] INFO     Round  44 | val F1=0.6389 acc=0.8238 |     server_app.py:144
                    test F1=0.6685 acc=0.7817                                   
FL rounds | isic2018_fedadam_a0.5_K10_E2_eta0.001_s43:  88%|████████▊ | 44/50 [30:26<04:00, 40.09s/round] , tF1=0.668, vF1=0.639[17:52:26] INFO     Round 45/50 | sampled clients (5/10): 4, 1,  simulate.py:264
                    8, 7, 0                                                     
           INFO       Client 4 training ...                      simulate.py:277
[17:52:32] INFO       Client 4 done | train_loss=0.3142 |        simulate.py:283
                    n_train=782 | local_test_macro_f1=nan                       
           INFO       Client 1 training ...                      simulate.py:277
[17:52:44] INFO       Client 1 done | train_loss=0.1765 |        simulate.py:283
                    n_train=2210 | local_test_macro_f1=nan                      
           INFO       Client 8 training ...                      simulate.py:277
[17:52:47] INFO       Client 8 done | train_loss=0.7288 |        simulate.py:283
                    n_train=294 | local_test_macro_f1=nan                       
           INFO       Client 7 training ...                      simulate.py:277
[17:52:54] INFO       Client 7 done | train_loss=0.0924 |        simulate.py:283
                    n_train=1198 | local_test_macro_f1=nan                      
           INFO       Client 0 training ...                      simulate.py:277
[17:52:58] INFO       Client 0 done | train_loss=0.6726 |        simulate.py:283
                    n_train=380 | local_test_macro_f1=nan                       
           INFO       Aggregating (fedadam)                      simulate.py:301
[17:53:04] INFO     Round  45 | val F1=0.6335 acc=0.8187 |     server_app.py:144
                    test F1=0.6845 acc=0.7851                                   
FL rounds | isic2018_fedadam_a0.5_K10_E2_eta0.001_s43:  90%|█████████ | 45/50 [31:04<03:19, 39.93s/round] , tF1=0.684, vF1=0.634           INFO     Round 46/50 | sampled clients (5/10): 0, 7,  simulate.py:264
                    5, 3, 2                                                     
           INFO       Client 0 training ...                      simulate.py:277
[17:53:07] INFO       Client 0 done | train_loss=0.6401 |        simulate.py:283
                    n_train=380 | local_test_macro_f1=nan                       
           INFO       Client 7 training ...                      simulate.py:277
