[17:52:16] INFO       Client 3 done | train_loss=0.3623 |        simulate.py:283
                    n_train=185 | local_test_macro_f1=nan                       
           INFO       Client 9 training ...                      simulate.py:277
[17:52:20] INFO       Client 9 done | train_loss=0.3777 |        simulate.py:283
                    n_train=486 | local_test_macro_f1=nan                       
           INFO       Aggregating (fedprox)                      simulate.py:301
[17:52:25] INFO     Round  49 | val F1=0.6124 acc=0.8083 |     server_app.py:144
                    test F1=0.6453 acc=0.7725                                   
FL rounds | isic2018_fedprox_a0.5_K10_E2_mu0.001_s43:  98%|█████████▊| 49/50 [32:57<00:38, 38.02s/round] , tF1=0.645, vF1=0.612           INFO     Round 50/50 | sampled clients (5/10): 1, 0,  simulate.py:264
                    2, 3, 7                                                     
           INFO       Client 1 training ...                      simulate.py:277
[17:52:38] INFO       Client 1 done | train_loss=0.0689 |        simulate.py:283
                    n_train=2210 | local_test_macro_f1=nan                      
           INFO       Client 0 training ...                      simulate.py:277
[17:52:42] INFO       Client 0 done | train_loss=0.4398 |        simulate.py:283
                    n_train=380 | local_test_macro_f1=nan                       
           INFO       Client 2 training ...                      simulate.py:277
[17:52:49] INFO       Client 2 done | train_loss=0.0787 |        simulate.py:283
                    n_train=1323 | local_test_macro_f1=nan                      
           INFO       Client 3 training ...                      simulate.py:277
[17:52:52] INFO       Client 3 done | train_loss=0.3427 |        simulate.py:283
                    n_train=185 | local_test_macro_f1=nan                       
           INFO       Client 7 training ...                      simulate.py:277
[17:53:00] INFO       Client 7 done | train_loss=0.0425 |        simulate.py:283
                    n_train=1198 | local_test_macro_f1=nan                      
           INFO       Aggregating (fedprox)                      simulate.py:301
[17:53:05] INFO     Round  50 | val F1=0.6523 acc=0.8290 |     server_app.py:144
                    test F1=0.6697 acc=0.7890                                   
FL rounds | isic2018_fedprox_a0.5_K10_E2_mu0.001_s43: 100%|██████████| 50/50 [33:36<00:00, 38.14s/round] , tF1=0.670, vF1=0.652FL rounds | isic2018_fedprox_a0.5_K10_E2_mu0.001_s43: 100%|██████████| 50/50 [33:36<00:00, 40.33s/round] , tF1=0.670, vF1=0.652
[17:53:12] INFO     Selected round 47 (best validation macro-F1) simulate.py:336
                    | val F1=0.6618 | test F1=0.6677 acc=0.7870                 
           INFO     Results saved to                            strategies.py:93
                    /workspace/results_r1/isic2018_fedprox_a0.5                 
                    _K10_E2_mu0.001_s43/summary.json                            
           INFO     Simulation complete. Results in              simulate.py:369
                    /workspace/results_r1/isic2018_fedprox_a0.5_                
                    K10_E2_mu0.001_s43/                                         
           INFO     Done. Results in                    experiment_runner.py:321
                    /workspace/results_r1/isic2018_fedp                         
                    rox_a0.5_K10_E2_mu0.001_s43/                                
