[15:16:05] INFO       Client 3 done | train_loss=0.1703 |        simulate.py:283
                    n_train=2008 | local_test_macro_f1=nan                      
           INFO       Client 9 training ...                      simulate.py:277
[15:16:10] INFO       Client 9 done | train_loss=0.8914 |        simulate.py:283
                    n_train=514 | local_test_macro_f1=nan                       
           INFO       Aggregating (fedavg)                       simulate.py:301
[15:16:19] INFO     Round  49 | val F1=0.5748 acc=0.7505 |     server_app.py:144
                    test F1=0.4996 acc=0.7147                                   
FL rounds | isic2019_fedavg_a0.5_K10_E2_lr0.0002_s43:  98%|█████████▊| 49/50 [1:05:34<01:16, 76.84s/round] , tF1=0.500, vF1=0.575           INFO     Round 50/50 | sampled clients (5/10): 1, 0,  simulate.py:264
                    2, 3, 7                                                     
           INFO       Client 1 training ...                      simulate.py:277
[15:16:32] INFO       Client 1 done | train_loss=0.2265 |        simulate.py:283
                    n_train=1758 | local_test_macro_f1=nan                      
           INFO       Client 0 training ...                      simulate.py:277
[15:16:39] INFO       Client 0 done | train_loss=0.5304 |        simulate.py:283
                    n_train=823 | local_test_macro_f1=nan                       
           INFO       Client 2 training ...                      simulate.py:277
[15:16:55] INFO       Client 2 done | train_loss=0.3134 |        simulate.py:283
                    n_train=2303 | local_test_macro_f1=nan                      
           INFO       Client 3 training ...                      simulate.py:277
[15:17:07] INFO       Client 3 done | train_loss=0.1734 |        simulate.py:283
                    n_train=2008 | local_test_macro_f1=nan                      
           INFO       Client 7 training ...                      simulate.py:277
[15:17:29] INFO       Client 7 done | train_loss=0.0659 |        simulate.py:283
                    n_train=3890 | local_test_macro_f1=nan                      
           INFO       Aggregating (fedavg)                       simulate.py:301
[15:17:39] INFO     Round  50 | val F1=0.5664 acc=0.7426 |     server_app.py:144
                    test F1=0.5110 acc=0.7119                                   
FL rounds | isic2019_fedavg_a0.5_K10_E2_lr0.0002_s43: 100%|██████████| 50/50 [1:06:53<00:00, 77.06s/round] , tF1=0.511, vF1=0.566FL rounds | isic2019_fedavg_a0.5_K10_E2_lr0.0002_s43: 100%|██████████| 50/50 [1:06:53<00:00, 80.28s/round] , tF1=0.511, vF1=0.566
[15:17:51] INFO     Selected round 28 (best validation macro-F1) simulate.py:336
                    | val F1=0.5857 | test F1=0.5296 acc=0.7151                 
           INFO     Results saved to                            strategies.py:93
                    /workspace/results_r1/isic2019_fedavg_a0.5_                 
                    K10_E2_lr0.0002_s43/summary.json                            
           INFO     Simulation complete. Results in              simulate.py:369
                    /workspace/results_r1/isic2019_fedavg_a0.5_K                
                    10_E2_lr0.0002_s43/                                         
           INFO     Done. Results in                    experiment_runner.py:321
                    /workspace/results_r1/isic2019_feda                         
                    vg_a0.5_K10_E2_lr0.0002_s43/                                
