[16:30:51] INFO       Client 6 done | train_loss=0.4346 |        simulate.py:283
                    n_train=806 | local_test_macro_f1=nan                       
           INFO       Client 1 training ...                      simulate.py:277
[16:33:26] INFO       Client 1 done | train_loss=0.0112 |        simulate.py:283
                    n_train=4791 | local_test_macro_f1=nan                      
           INFO       Client 4 training ...                      simulate.py:277
[16:35:35] INFO       Client 4 done | train_loss=0.0417 |        simulate.py:283
                    n_train=3342 | local_test_macro_f1=nan                      
           INFO       Client 7 training ...                      simulate.py:277
[16:35:51] INFO       Client 7 done | train_loss=1.6048 |        simulate.py:283
                    n_train=233 | local_test_macro_f1=nan                       
           INFO       Client 2 training ...                      simulate.py:277
[16:37:47] INFO       Client 2 done | train_loss=0.0185 |        simulate.py:283
                    n_train=3523 | local_test_macro_f1=nan                      
           INFO       Aggregating (fedavg)                       simulate.py:301
[16:38:09] INFO     Round  46 | val F1=0.5093 acc=0.7308 |     server_app.py:144
                    test F1=0.4928 acc=0.7269                                   
FL rounds | isic2019_fedavg_a0.5_K10_E10_s42:  92%|█████████▏| 46/50 [5:01:14<25:41, 385.29s/round] , tF1=0.493, vF1=0.509           INFO     Round 47/50 | sampled clients (5/10): 4, 1,  simulate.py:264
                    6, 2, 5                                                     
           INFO       Client 4 training ...                      simulate.py:277
[16:40:02] INFO       Client 4 done | train_loss=0.0398 |        simulate.py:283
                    n_train=3342 | local_test_macro_f1=nan                      
           INFO       Client 1 training ...                      simulate.py:277
[16:42:40] INFO       Client 1 done | train_loss=0.0112 |        simulate.py:283
                    n_train=4791 | local_test_macro_f1=nan                      
           INFO       Client 6 training ...                      simulate.py:277
[16:43:14] INFO       Client 6 done | train_loss=0.5267 |        simulate.py:283
                    n_train=806 | local_test_macro_f1=nan                       
           INFO       Client 2 training ...                      simulate.py:277
[16:45:18] INFO       Client 2 done | train_loss=0.0156 |        simulate.py:283
                    n_train=3523 | local_test_macro_f1=nan                      
           INFO       Client 5 training ...                      simulate.py:277
[16:47:25] INFO       Client 5 done | train_loss=0.0142 |        simulate.py:283
                    n_train=3672 | local_test_macro_f1=nan                      
           INFO       Aggregating (fedavg)                       simulate.py:301
[16:47:48] INFO     Round  47 | val F1=0.5172 acc=0.7406 |     server_app.py:144
                    test F1=0.5036 acc=0.7316                                   
FL rounds | isic2019_fedavg_a0.5_K10_E10_s42:  94%|█████████▍| 47/50 [5:10:53<20:03, 401.11s/round] , tF1=0.504, vF1=0.517           INFO     Round 48/50 | sampled clients (5/10): 2, 7,  simulate.py:264
                    5, 0, 4                                                     
           INFO       Client 2 training ...                      simulate.py:277
