                    _s42                                                        
           INFO     ISIC2018 manifest already exists at    manifest_build.py:365
                    /workspace/data/ISIC2018/manifest.csv                       
                    (skipping)                                                  
[13:08:51] INFO     Dirichlet(alpha=0.50) partition: 10         partition.py:175
                    clients, sizes={0: 755, 1: 1034, 2: 1087,                   
                    3: 524, 4: 863, 5: 326, 6: 1129, 7: 338, 8:                 
                    2368, 9: 1591}                                              
           INFO     Partition 'dirichlet' applied       experiment_runner.py:115
                    (alpha=0.50, K=10, seed=42) ->                              
                    /workspace/data/ISIC2018/partitions                         
                    /isic2018_fedprox_a0.5_K10_E2_mu0.0                         
                    1_s42.csv                                                   
[13:08:52] INFO     Partition figure saved:             experiment_runner.py:160
                    /workspace/figures_r1/partition_isi                         
                    c2018_dirichlet_K10_a0.5.png                                
           INFO     Running FEDERATED simulation        experiment_runner.py:308
[13:08:55] INFO     Starting custom simulation | Run:            simulate.py:129
                    isic2018_fedprox_a0.5_K10_E2_mu0.01_s42 |                   
                    Dataset: isic2018 | Backbone: vgg16_bn |                    
                    Clients: 10 | Rounds: 50 | Strategy: fedprox                
                    | Partition: dirichlet(α=0.50)                              
Warning: You are sending unauthenticated requests to the HF Hub. Please set a HF_TOKEN to enable higher rate limits and faster downloads.
[13:08:56] WARNING  Warning: You are sending unauthenticated        _http.py:993
                    requests to the HF Hub. Please set a HF_TOKEN               
                    to enable higher rate limits and faster                     
                    downloads.                                                  
[13:08:58] INFO     Model: vgg16_bn | Classes: 7 | Params:          build.py:266
                    14,789,703 total (14,789,703 trainable) |                   
                    Device: cuda                                                
[13:08:59] INFO     Model: vgg16_bn | Classes: 7 | Params:          build.py:266
                    14,789,703 total (14,789,703 trainable) |                   
                    Device: cuda                                                
           INFO     resume=True but no valid checkpoint;         simulate.py:155
                    starting from scratch.                                      
[13:09:01] INFO     Model: vgg16_bn | Classes: 7 | Params:          build.py:266
                    14,789,703 total (14,789,703 trainable) |                   
                    Device: cuda                                                
           INFO     Client 0 | train=755 local_test=0          client_app.py:155
                    (fraction=0.00) | device=cuda                               
