[19:45:12] INFO       Client 3 done | train_loss=0.1337 |        simulate.py:283
                    n_train=2008 | local_test_macro_f1=nan                      
           INFO       Client 9 training ...                      simulate.py:277
[19:45:24] INFO       Client 9 done | train_loss=0.9104 |        simulate.py:283
                    n_train=514 | local_test_macro_f1=nan                       
           INFO       Aggregating (fedavg)                       simulate.py:301
[19:45:45] INFO     Round  49 | val F1=0.5466 acc=0.7418 |     server_app.py:144
                    test F1=0.5346 acc=0.7222                                   
FL rounds | isic2019_fedavg_a0.5_K10_E5_s43:  98%|█████████▊| 49/50 [2:56:05<03:31, 211.69s/round] , tF1=0.535, vF1=0.547           INFO     Round 50/50 | sampled clients (5/10): 1, 0,  simulate.py:264
                    2, 3, 7                                                     
           INFO       Client 1 training ...                      simulate.py:277
[19:46:14] INFO       Client 1 done | train_loss=0.1746 |        simulate.py:283
                    n_train=1758 | local_test_macro_f1=nan                      
           INFO       Client 0 training ...                      simulate.py:277
[19:46:39] INFO       Client 0 done | train_loss=0.5400 |        simulate.py:283
                    n_train=823 | local_test_macro_f1=nan                       
           INFO       Client 2 training ...                      simulate.py:277
[19:47:18] INFO       Client 2 done | train_loss=0.2199 |        simulate.py:283
                    n_train=2303 | local_test_macro_f1=nan                      
           INFO       Client 3 training ...                      simulate.py:277
[19:47:58] INFO       Client 3 done | train_loss=0.1263 |        simulate.py:283
                    n_train=2008 | local_test_macro_f1=nan                      
           INFO       Client 7 training ...                      simulate.py:277
[19:49:03] INFO       Client 7 done | train_loss=0.0404 |        simulate.py:283
                    n_train=3890 | local_test_macro_f1=nan                      
           INFO       Aggregating (fedavg)                       simulate.py:301
[19:49:26] INFO     Round  50 | val F1=0.5754 acc=0.7458 |     server_app.py:144
                    test F1=0.5438 acc=0.7182                                   
FL rounds | isic2019_fedavg_a0.5_K10_E5_s43: 100%|██████████| 50/50 [2:59:46<00:00, 212.41s/round] , tF1=0.544, vF1=0.575FL rounds | isic2019_fedavg_a0.5_K10_E5_s43: 100%|██████████| 50/50 [2:59:46<00:00, 215.72s/round] , tF1=0.544, vF1=0.575
[19:49:42] INFO     Selected round 50 (best validation macro-F1) simulate.py:336
                    | val F1=0.5754 | test F1=0.5438 acc=0.7182                 
           INFO     Results saved to                            strategies.py:93
                    /workspace/results_r1/isic2019_fedavg_a0.5_                 
                    K10_E5_s43/summary.json                                     
           INFO     Simulation complete. Results in              simulate.py:369
                    /workspace/results_r1/isic2019_fedavg_a0.5_K                
                    10_E5_s43/                                                  
           INFO     Done. Results in                    experiment_runner.py:321
                    /workspace/results_r1/isic2019_feda                         
                    vg_a0.5_K10_E5_s43/                                         
