[17:51:49] INFO       Client 9 done | train_loss=0.7506 |        simulate.py:283
                    n_train=565 | local_test_macro_f1=nan                       
           INFO       Client 7 training ...                      simulate.py:277
[17:51:58] INFO       Client 7 done | train_loss=0.0841 |        simulate.py:283
                    n_train=1819 | local_test_macro_f1=nan                      
           INFO       Aggregating (fedadam)                      simulate.py:301
[17:52:03] INFO     Round  10 | val F1=0.4750 acc=0.7254 |     server_app.py:144
                    test F1=0.4796 acc=0.6693                                   
FL rounds | isic2018_fedadam_a0.5_K10_E2_eta0.001_s44:  20%|██        | 10/50 [07:37<29:05, 43.63s/round] , tF1=0.480, vF1=0.475           INFO     Round 11/50 | sampled clients (5/10): 6, 4,  simulate.py:264
                    5, 8, 7                                                     
           INFO       Client 6 training ...                      simulate.py:277
[17:52:07] INFO       Client 6 done | train_loss=0.6969 |        simulate.py:283
                    n_train=289 | local_test_macro_f1=nan                       
           INFO       Client 4 training ...                      simulate.py:277
[17:52:10] INFO       Client 4 done | train_loss=0.6357 |        simulate.py:283
                    n_train=258 | local_test_macro_f1=nan                       
           INFO       Client 5 training ...                      simulate.py:277
[17:52:18] INFO       Client 5 done | train_loss=0.3696 |        simulate.py:283
                    n_train=1288 | local_test_macro_f1=nan                      
           INFO       Client 8 training ...                      simulate.py:277
[17:52:21] INFO       Client 8 done | train_loss=0.6544 |        simulate.py:283
                    n_train=104 | local_test_macro_f1=nan                       
           INFO       Client 7 training ...                      simulate.py:277
[17:52:32] INFO       Client 7 done | train_loss=0.0793 |        simulate.py:283
                    n_train=1819 | local_test_macro_f1=nan                      
           INFO       Aggregating (fedadam)                      simulate.py:301
[17:52:38] INFO     Round  11 | val F1=0.4811 acc=0.7513 |     server_app.py:144
                    test F1=0.4764 acc=0.6825                                   
FL rounds | isic2018_fedadam_a0.5_K10_E2_eta0.001_s44:  22%|██▏       | 11/50 [08:11<27:34, 42.43s/round] , tF1=0.476, vF1=0.481           INFO     Round 12/50 | sampled clients (5/10): 0, 6,  simulate.py:264
                    7, 1, 9                                                     
           INFO       Client 0 training ...                      simulate.py:277
[17:52:45] INFO       Client 0 done | train_loss=0.4544 |        simulate.py:283
                    n_train=1270 | local_test_macro_f1=nan                      
           INFO       Client 6 training ...                      simulate.py:277
[17:52:49] INFO       Client 6 done | train_loss=0.7078 |        simulate.py:283
                    n_train=289 | local_test_macro_f1=nan                       
           INFO       Client 7 training ...                      simulate.py:277
[17:53:00] INFO       Client 7 done | train_loss=0.0707 |        simulate.py:283
                    n_train=1819 | local_test_macro_f1=nan                      
           INFO       Client 1 training ...                      simulate.py:277
