[17:33:57] INFO       Client 6 done | train_loss=0.2075 |        simulate.py:283
                    n_train=1999 | local_test_macro_f1=nan                      
           INFO       Client 8 training ...                      simulate.py:277
[17:35:00] INFO       Client 8 done | train_loss=0.1029 |        simulate.py:283
                    n_train=4421 | local_test_macro_f1=nan                      
           INFO       Client 5 training ...                      simulate.py:277
[17:35:15] INFO       Client 5 done | train_loss=0.3434 |        simulate.py:283
                    n_train=893 | local_test_macro_f1=nan                       
           INFO       Client 3 training ...                      simulate.py:277
[17:35:35] INFO       Client 3 done | train_loss=0.3580 |        simulate.py:283
                    n_train=453 | local_test_macro_f1=nan                       
           INFO       Aggregating (fedavg)                       simulate.py:301
[17:35:57] INFO     Round   5 | val F1=0.4212 acc=0.6964 |     server_app.py:144
                    test F1=0.3742 acc=0.6598                                   
FL rounds | isic2019_fedavg_a0.5_K10_E5_s44:  10%|█         | 5/50 [15:41<2:20:57, 187.95s/round] , tF1=0.374, vF1=0.421           INFO     Round 6/50 | sampled clients (5/10): 1, 3,   simulate.py:264
                    2, 0, 7                                                     
           INFO       Client 1 training ...                      simulate.py:277
[17:36:20] INFO       Client 1 done | train_loss=0.2970 |        simulate.py:283
                    n_train=702 | local_test_macro_f1=nan                       
           INFO       Client 3 training ...                      simulate.py:277
[17:36:30] INFO       Client 3 done | train_loss=0.3722 |        simulate.py:283
                    n_train=453 | local_test_macro_f1=nan                       
           INFO       Client 2 training ...                      simulate.py:277
[17:36:46] INFO       Client 2 done | train_loss=0.2433 |        simulate.py:283
                    n_train=874 | local_test_macro_f1=nan                       
           INFO       Client 0 training ...                      simulate.py:277
[17:36:56] INFO       Client 0 done | train_loss=0.2928 |        simulate.py:283
                    n_train=394 | local_test_macro_f1=nan                       
           INFO       Client 7 training ...                      simulate.py:277
[17:37:48] INFO       Client 7 done | train_loss=0.1667 |        simulate.py:283
                    n_train=2594 | local_test_macro_f1=nan                      
           INFO       Aggregating (fedavg)                       simulate.py:301
[17:38:11] INFO     Round   6 | val F1=0.3816 acc=0.4489 |     server_app.py:144
                    test F1=0.3843 acc=0.4329                                   
FL rounds | isic2019_fedavg_a0.5_K10_E5_s44:  12%|█▏        | 6/50 [17:55<2:09:44, 176.92s/round] , tF1=0.384, vF1=0.382           INFO     Round 7/50 | sampled clients (5/10): 8, 4,   simulate.py:264
                    2, 5, 0                                                     
           INFO       Client 8 training ...                      simulate.py:277
[17:39:14] INFO       Client 8 done | train_loss=0.0578 |        simulate.py:283
                    n_train=4421 | local_test_macro_f1=nan                      
           INFO       Client 4 training ...                      simulate.py:277
