[13:08:10] INFO       Client 3 done | train_loss=0.1328 |        simulate.py:283
                    n_train=524 | local_test_macro_f1=nan                       
           INFO       Client 2 training ...                      simulate.py:277
[13:08:18] INFO       Client 2 done | train_loss=0.0069 |        simulate.py:283
                    n_train=1087 | local_test_macro_f1=nan                      
           INFO       Aggregating (fedavg)                       simulate.py:301
[13:08:23] INFO     Round  49 | val F1=0.4978 acc=0.7668 |     server_app.py:144
                    test F1=0.6074 acc=0.7698                                   
FL rounds | isic2018_fedavg_a0.5_K10_E2_lr0.0002_s42:  98%|█████████▊| 49/50 [33:12<00:40, 40.49s/round] , tF1=0.607, vF1=0.498           INFO     Round 50/50 | sampled clients (5/10): 4, 9,  simulate.py:264
                    2, 0, 5                                                     
           INFO       Client 4 training ...                      simulate.py:277
[13:08:29] INFO       Client 4 done | train_loss=0.1127 |        simulate.py:283
                    n_train=863 | local_test_macro_f1=nan                       
           INFO       Client 9 training ...                      simulate.py:277
[13:08:38] INFO       Client 9 done | train_loss=0.0465 |        simulate.py:283
                    n_train=1591 | local_test_macro_f1=nan                      
           INFO       Client 2 training ...                      simulate.py:277
[13:08:45] INFO       Client 2 done | train_loss=0.0093 |        simulate.py:283
                    n_train=1087 | local_test_macro_f1=nan                      
           INFO       Client 0 training ...                      simulate.py:277
[13:08:48] INFO       Client 0 done | train_loss=0.1267 |        simulate.py:283
                    n_train=755 | local_test_macro_f1=nan                       
           INFO       Client 5 training ...                      simulate.py:277
[13:08:51] INFO       Client 5 done | train_loss=0.3145 |        simulate.py:283
                    n_train=326 | local_test_macro_f1=nan                       
           INFO       Aggregating (fedavg)                       simulate.py:301
[13:08:55] INFO     Round  50 | val F1=0.5235 acc=0.7824 |     server_app.py:144
                    test F1=0.6398 acc=0.7837                                   
FL rounds | isic2018_fedavg_a0.5_K10_E2_lr0.0002_s42: 100%|██████████| 50/50 [33:43<00:00, 39.74s/round] , tF1=0.640, vF1=0.523FL rounds | isic2018_fedavg_a0.5_K10_E2_lr0.0002_s42: 100%|██████████| 50/50 [33:43<00:00, 40.46s/round] , tF1=0.640, vF1=0.523
[13:09:01] INFO     Selected round 11 (best validation macro-F1) simulate.py:336
                    | val F1=0.6548 | test F1=0.5722 acc=0.6501                 
           INFO     Results saved to                            strategies.py:93
                    /workspace/results_r1/isic2018_fedavg_a0.5_                 
                    K10_E2_lr0.0002_s42/summary.json                            
           INFO     Simulation complete. Results in              simulate.py:369
                    /workspace/results_r1/isic2018_fedavg_a0.5_K                
                    10_E2_lr0.0002_s42/                                         
           INFO     Done. Results in                    experiment_runner.py:321
                    /workspace/results_r1/isic2018_feda                         
                    vg_a0.5_K10_E2_lr0.0002_s42/                                
