[11:25:46] INFO     Model: vgg16_bn | Classes: 8 | Params:          build.py:266
                    14,789,832 total (14,789,832 trainable) |                   
                    Device: cuda                                                
           INFO     Client 3 | train=713 local_test=0          client_app.py:155
                    (fraction=0.00) | device=cuda                               
[11:25:47] INFO     Model: vgg16_bn | Classes: 8 | Params:          build.py:266
                    14,789,832 total (14,789,832 trainable) |                   
                    Device: cuda                                                
           INFO     Client 4 | train=3342 local_test=0         client_app.py:155
                    (fraction=0.00) | device=cuda                               
[11:25:49] INFO     Model: vgg16_bn | Classes: 8 | Params:          build.py:266
                    14,789,832 total (14,789,832 trainable) |                   
                    Device: cuda                                                
           INFO     Client 5 | train=3672 local_test=0         client_app.py:155
                    (fraction=0.00) | device=cuda                               
[11:25:51] INFO     Model: vgg16_bn | Classes: 8 | Params:          build.py:266
                    14,789,832 total (14,789,832 trainable) |                   
                    Device: cuda                                                
           INFO     Client 6 | train=806 local_test=0          client_app.py:155
                    (fraction=0.00) | device=cuda                               
[11:25:52] INFO     Model: vgg16_bn | Classes: 8 | Params:          build.py:266
                    14,789,832 total (14,789,832 trainable) |                   
                    Device: cuda                                                
           INFO     Client 7 | train=233 local_test=0          client_app.py:155
                    (fraction=0.00) | device=cuda                               
[11:25:54] INFO     Model: vgg16_bn | Classes: 8 | Params:          build.py:266
                    14,789,832 total (14,789,832 trainable) |                   
                    Device: cuda                                                
           INFO     Client 8 | train=1288 local_test=0         client_app.py:155
                    (fraction=0.00) | device=cuda                               
[11:25:55] INFO     Model: vgg16_bn | Classes: 8 | Params:          build.py:266
                    14,789,832 total (14,789,832 trainable) |                   
                    Device: cuda                                                
           INFO     Client 9 | train=1514 local_test=0         client_app.py:155
                    (fraction=0.00) | device=cuda                               
           INFO     Skipping Round 0 eval (resumed; last         simulate.py:198
                    completed round=0).                                         
FL rounds | isic2019_fedadam_a0.5_K10_E2_eta1e-5_s42:   0%|          | 0/50 [00:00<?, ?round/s]            INFO     Round 1/50 | sampled clients (5/10): 1, 6,   simulate.py:264
                    5, 7, 8                                                     
           INFO       Client 1 training ...                      simulate.py:277
