[16:43:57] INFO     Round  15 | val F1=0.5178 acc=0.6952 |     server_app.py:144
                    test F1=0.4623 acc=0.6744                                   
FL rounds | isic2019_fedavg_a0.5_K5_E2_s44:  30%|███       | 15/50 [15:36<34:44, 59.56s/round] , tF1=0.462, vF1=0.518[16:43:58] INFO     Round 16/50 | sampled clients (2/5): 4, 0    simulate.py:264
           INFO       Client 4 training ...                      simulate.py:277
[16:44:14] INFO       Client 4 done | train_loss=0.1244 |        simulate.py:283
                    n_train=2743 | local_test_macro_f1=nan                      
           INFO       Client 0 training ...                      simulate.py:277
[16:44:30] INFO       Client 0 done | train_loss=0.1894 |        simulate.py:283
                    n_train=2417 | local_test_macro_f1=nan                      
           INFO       Aggregating (fedavg)                       simulate.py:301
[16:44:42] INFO     Round  16 | val F1=0.3999 acc=0.5393 |     server_app.py:144
                    test F1=0.4608 acc=0.5718                                   
FL rounds | isic2019_fedavg_a0.5_K5_E2_s44:  32%|███▏      | 16/50 [16:20<32:47, 57.88s/round] , tF1=0.461, vF1=0.400           INFO     Round 17/50 | sampled clients (2/5): 4, 0    simulate.py:264
           INFO       Client 4 training ...                      simulate.py:277
[16:45:01] INFO       Client 4 done | train_loss=0.1020 |        simulate.py:283
                    n_train=2743 | local_test_macro_f1=nan                      
           INFO       Client 0 training ...                      simulate.py:277
[16:45:15] INFO       Client 0 done | train_loss=0.1574 |        simulate.py:283
                    n_train=2417 | local_test_macro_f1=nan                      
           INFO       Aggregating (fedavg)                       simulate.py:301
[16:45:26] INFO     Round  17 | val F1=0.4148 acc=0.5807 |     server_app.py:144
                    test F1=0.4701 acc=0.6089                                   
FL rounds | isic2019_fedavg_a0.5_K5_E2_s44:  34%|███▍      | 17/50 [17:05<31:03, 56.47s/round] , tF1=0.470, vF1=0.415           INFO     Round 18/50 | sampled clients (2/5): 2, 3    simulate.py:264
           INFO       Client 2 training ...                      simulate.py:277
[16:45:54] INFO       Client 2 done | train_loss=0.0977 |        simulate.py:283
                    n_train=4815 | local_test_macro_f1=nan                      
           INFO       Client 3 training ...                      simulate.py:277
[16:46:38] INFO       Client 3 done | train_loss=0.1969 |        simulate.py:283
                    n_train=7411 | local_test_macro_f1=nan                      
           INFO       Aggregating (fedavg)                       simulate.py:301
[16:46:50] INFO     Round  18 | val F1=0.4933 acc=0.7454 |     server_app.py:144
                    test F1=0.5044 acc=0.7238                                   
FL rounds | isic2019_fedavg_a0.5_K5_E2_s44:  36%|███▌      | 18/50 [18:29<31:37, 59.29s/round] , tF1=0.504, vF1=0.493           INFO     Round 19/50 | sampled clients (2/5): 2, 0    simulate.py:264
           INFO       Client 2 training ...                      simulate.py:277
[16:47:20] INFO       Client 2 done | train_loss=0.0590 |        simulate.py:283
                    n_train=4815 | local_test_macro_f1=nan                      
           INFO       Client 0 training ...                      simulate.py:277
[16:47:35] INFO       Client 0 done | train_loss=0.1617 |        simulate.py:283
                    n_train=2417 | local_test_macro_f1=nan                      
           INFO       Aggregating (fedavg)                       simulate.py:301
