[19:21:21] INFO       Client 1 done | train_loss=0.0889 |        simulate.py:283
                    n_train=2421 | local_test_macro_f1=nan                      
           INFO       Aggregating (fedavg)                       simulate.py:301
[19:21:26] INFO     Round  25 | val F1=0.5959 acc=0.8031 |     server_app.py:144
                    test F1=0.6293 acc=0.7692                                   
FL rounds | isic2018_fedavg_a0.5_K5_E2_s44:  50%|█████     | 25/50 [12:36<12:05, 29.02s/round] , tF1=0.629, vF1=0.596           INFO     Round 26/50 | sampled clients (2/5): 2, 3    simulate.py:264
           INFO       Client 2 training ...                      simulate.py:277
[19:21:37] INFO       Client 2 done | train_loss=0.0226 |        simulate.py:283
                    n_train=2277 | local_test_macro_f1=nan                      
           INFO       Client 3 training ...                      simulate.py:277
[19:21:50] INFO       Client 3 done | train_loss=0.1262 |        simulate.py:283
                    n_train=2336 | local_test_macro_f1=nan                      
           INFO       Aggregating (fedavg)                       simulate.py:301
[19:21:54] INFO     Round  26 | val F1=0.6843 acc=0.8031 |     server_app.py:144
                    test F1=0.6620 acc=0.7751                                   
FL rounds | isic2018_fedavg_a0.5_K5_E2_s44:  52%|█████▏    | 26/50 [13:04<11:34, 28.95s/round] , tF1=0.662, vF1=0.684           INFO     Round 27/50 | sampled clients (2/5): 0, 3    simulate.py:264
           INFO       Client 0 training ...                      simulate.py:277
[19:22:07] INFO       Client 0 done | train_loss=0.1055 |        simulate.py:283
                    n_train=2284 | local_test_macro_f1=nan                      
           INFO       Client 3 training ...                      simulate.py:277
[19:22:18] INFO       Client 3 done | train_loss=0.0925 |        simulate.py:283
                    n_train=2336 | local_test_macro_f1=nan                      
           INFO       Aggregating (fedavg)                       simulate.py:301
[19:22:24] INFO     Round  27 | val F1=0.7433 acc=0.8446 |     server_app.py:144
                    test F1=0.7011 acc=0.8102                                   
FL rounds | isic2018_fedavg_a0.5_K5_E2_s44:  54%|█████▍    | 27/50 [13:34<11:07, 29.02s/round] , tF1=0.701, vF1=0.743           INFO     Round 28/50 | sampled clients (2/5): 4, 3    simulate.py:264
           INFO       Client 4 training ...                      simulate.py:277
[19:22:28] INFO       Client 4 done | train_loss=0.1420 |        simulate.py:283
                    n_train=697 | local_test_macro_f1=nan                       
           INFO       Client 3 training ...                      simulate.py:277
[19:22:41] INFO       Client 3 done | train_loss=0.0767 |        simulate.py:283
                    n_train=2336 | local_test_macro_f1=nan                      
           INFO       Aggregating (fedavg)                       simulate.py:301
[19:22:47] INFO     Round  28 | val F1=0.6697 acc=0.7927 |     server_app.py:144
                    test F1=0.6563 acc=0.7851                                   
FL rounds | isic2018_fedavg_a0.5_K5_E2_s44:  56%|█████▌    | 28/50 [13:57<10:27, 28.52s/round] , tF1=0.656, vF1=0.670           INFO     Round 29/50 | sampled clients (2/5): 1, 3    simulate.py:264
           INFO       Client 1 training ...                      simulate.py:277
[19:22:58] INFO       Client 1 done | train_loss=0.0763 |        simulate.py:283
                    n_train=2421 | local_test_macro_f1=nan                      
           INFO       Client 3 training ...                      simulate.py:277
