                    c2018_dirichlet_K10_a1.0.png                                
           INFO     Running FEDERATED simulation        experiment_runner.py:308
[17:53:45] INFO     Starting custom simulation | Run:            simulate.py:129
                    isic2018_fedavg_a1_K10_E2_s43 | Dataset:                    
                    isic2018 | Backbone: vgg16_bn | Clients: 10                 
                    | Rounds: 50 | Strategy: fedavg | Partition:                
                    dirichlet(α=1.00)                                           
Warning: You are sending unauthenticated requests to the HF Hub. Please set a HF_TOKEN to enable higher rate limits and faster downloads.
[17:53:47] WARNING  Warning: You are sending unauthenticated        _http.py:993
                    requests to the HF Hub. Please set a HF_TOKEN               
                    to enable higher rate limits and faster                     
                    downloads.                                                  
[17:53:48] INFO     Model: vgg16_bn | Classes: 7 | Params:          build.py:266
                    14,789,703 total (14,789,703 trainable) |                   
                    Device: cuda                                                
[17:53:49] INFO     Model: vgg16_bn | Classes: 7 | Params:          build.py:266
                    14,789,703 total (14,789,703 trainable) |                   
                    Device: cuda                                                
           INFO     resume=True but no valid checkpoint;         simulate.py:155
                    starting from scratch.                                      
[17:53:51] INFO     Model: vgg16_bn | Classes: 7 | Params:          build.py:266
                    14,789,703 total (14,789,703 trainable) |                   
                    Device: cuda                                                
           INFO     Client 0 | train=845 local_test=0          client_app.py:155
                    (fraction=0.00) | device=cuda                               
[17:53:53] INFO     Model: vgg16_bn | Classes: 7 | Params:          build.py:266
                    14,789,703 total (14,789,703 trainable) |                   
                    Device: cuda                                                
           INFO     Client 1 | train=617 local_test=0          client_app.py:155
                    (fraction=0.00) | device=cuda                               
[17:53:56] INFO     Model: vgg16_bn | Classes: 7 | Params:          build.py:266
                    14,789,703 total (14,789,703 trainable) |                   
                    Device: cuda                                                
           INFO     Client 2 | train=1264 local_test=0         client_app.py:155
                    (fraction=0.00) | device=cuda                               
[17:53:58] INFO     Model: vgg16_bn | Classes: 7 | Params:          build.py:266
                    14,789,703 total (14,789,703 trainable) |                   
                    Device: cuda                                                
           INFO     Client 3 | train=377 local_test=0          client_app.py:155
                    (fraction=0.00) | device=cuda                               
