[19:19:38] INFO     Round  45 | val F1=0.6908 acc=0.8497 |     server_app.py:144
                    test F1=0.7438 acc=0.8062                                   
FL rounds | isic2018_fedavg_a100_K10_E2_s44:  90%|█████████ | 45/50 [31:11<03:19, 39.88s/round] , tF1=0.744, vF1=0.691           INFO     Round 46/50 | sampled clients (5/10): 1, 3,  simulate.py:264
                    5, 0, 8                                                     
           INFO       Client 1 training ...                      simulate.py:277
[19:19:45] INFO       Client 1 done | train_loss=0.1296 |        simulate.py:283
                    n_train=982 | local_test_macro_f1=nan                       
           INFO       Client 3 training ...                      simulate.py:277
[19:19:53] INFO       Client 3 done | train_loss=0.1091 |        simulate.py:283
                    n_train=1010 | local_test_macro_f1=nan                      
           INFO       Client 5 training ...                      simulate.py:277
[19:19:59] INFO       Client 5 done | train_loss=0.1822 |        simulate.py:283
                    n_train=966 | local_test_macro_f1=nan                       
           INFO       Client 0 training ...                      simulate.py:277
[19:20:05] INFO       Client 0 done | train_loss=0.1381 |        simulate.py:283
                    n_train=1002 | local_test_macro_f1=nan                      
           INFO       Client 8 training ...                      simulate.py:277
[19:20:13] INFO       Client 8 done | train_loss=0.1334 |        simulate.py:283
                    n_train=1067 | local_test_macro_f1=nan                      
           INFO       Aggregating (fedavg)                       simulate.py:301
[19:20:19] INFO     Round  46 | val F1=0.6766 acc=0.8342 |     server_app.py:144
                    test F1=0.7332 acc=0.7983                                   
FL rounds | isic2018_fedavg_a100_K10_E2_s44:  92%|█████████▏| 46/50 [31:53<02:40, 40.00s/round] , tF1=0.733, vF1=0.677           INFO     Round 47/50 | sampled clients (5/10): 0, 1,  simulate.py:264
                    8, 7, 2                                                     
           INFO       Client 0 training ...                      simulate.py:277
[19:20:26] INFO       Client 0 done | train_loss=0.1297 |        simulate.py:283
                    n_train=1002 | local_test_macro_f1=nan                      
           INFO       Client 1 training ...                      simulate.py:277
[19:20:33] INFO       Client 1 done | train_loss=0.1358 |        simulate.py:283
                    n_train=982 | local_test_macro_f1=nan                       
           INFO       Client 8 training ...                      simulate.py:277
[19:20:41] INFO       Client 8 done | train_loss=0.1591 |        simulate.py:283
                    n_train=1067 | local_test_macro_f1=nan                      
           INFO       Client 7 training ...                      simulate.py:277
[19:20:48] INFO       Client 7 done | train_loss=0.1125 |        simulate.py:283
                    n_train=946 | local_test_macro_f1=nan                       
           INFO       Client 2 training ...                      simulate.py:277
[19:20:54] INFO       Client 2 done | train_loss=0.1232 |        simulate.py:283
                    n_train=1045 | local_test_macro_f1=nan                      
           INFO       Aggregating (fedavg)                       simulate.py:301
