                    9, 3, 2                                                     
           INFO       Client 5 training ...                      simulate.py:277
[17:52:12] INFO       Client 5 done | train_loss=0.2392 |        simulate.py:283
                    n_train=961 | local_test_macro_f1=nan                       
           INFO       Client 8 training ...                      simulate.py:277
[17:52:18] INFO       Client 8 done | train_loss=0.1597 |        simulate.py:283
                    n_train=931 | local_test_macro_f1=nan                       
           INFO       Client 9 training ...                      simulate.py:277
[17:52:25] INFO       Client 9 done | train_loss=0.1819 |        simulate.py:283
                    n_train=989 | local_test_macro_f1=nan                       
           INFO       Client 3 training ...                      simulate.py:277
[17:52:32] INFO       Client 3 done | train_loss=0.1309 |        simulate.py:283
                    n_train=1018 | local_test_macro_f1=nan                      
           INFO       Client 2 training ...                      simulate.py:277
[17:52:39] INFO       Client 2 done | train_loss=0.1578 |        simulate.py:283
                    n_train=968 | local_test_macro_f1=nan                       
           INFO       Aggregating (fedavg)                       simulate.py:301
[17:52:45] INFO     Round  49 | val F1=0.7508 acc=0.8653 |     server_app.py:144
                    test F1=0.7325 acc=0.8049                                   
FL rounds | isic2018_fedavg_a100_K10_E2_s42:  98%|█████████▊| 49/50 [35:09<00:42, 42.17s/round] , tF1=0.733, vF1=0.751           INFO     Round 50/50 | sampled clients (5/10): 4, 9,  simulate.py:264
                    2, 0, 5                                                     
           INFO       Client 4 training ...                      simulate.py:277
[17:52:52] INFO       Client 4 done | train_loss=0.1392 |        simulate.py:283
                    n_train=1048 | local_test_macro_f1=nan                      
           INFO       Client 9 training ...                      simulate.py:277
[17:52:59] INFO       Client 9 done | train_loss=0.1770 |        simulate.py:283
                    n_train=989 | local_test_macro_f1=nan                       
           INFO       Client 2 training ...                      simulate.py:277
[17:53:07] INFO       Client 2 done | train_loss=0.1460 |        simulate.py:283
                    n_train=968 | local_test_macro_f1=nan                       
           INFO       Client 0 training ...                      simulate.py:277
[17:53:13] INFO       Client 0 done | train_loss=0.1569 |        simulate.py:283
                    n_train=951 | local_test_macro_f1=nan                       
           INFO       Client 5 training ...                      simulate.py:277
[17:53:19] INFO       Client 5 done | train_loss=0.2028 |        simulate.py:283
                    n_train=961 | local_test_macro_f1=nan                       
           INFO       Aggregating (fedavg)                       simulate.py:301
[17:53:24] INFO     Round  50 | val F1=0.7508 acc=0.8653 |     server_app.py:144
                    test F1=0.7557 acc=0.8148                                   
FL rounds | isic2018_fedavg_a100_K10_E2_s42: 100%|██████████| 50/50 [35:49<00:00, 41.98s/round] , tF1=0.756, vF1=0.751FL rounds | isic2018_fedavg_a100_K10_E2_s42: 100%|██████████| 50/50 [35:49<00:00, 42.98s/round] , tF1=0.756, vF1=0.751
