                    n_train=1464 | local_test_macro_f1=nan                      
           INFO       Client 10 training ...                     simulate.py:277
[16:54:12] INFO       Client 10 done | train_loss=0.5317 |       simulate.py:283
                    n_train=807 | local_test_macro_f1=nan                       
           INFO       Client 14 training ...                     simulate.py:277
[16:54:17] INFO       Client 14 done | train_loss=0.5296 |       simulate.py:283
                    n_train=368 | local_test_macro_f1=nan                       
           INFO       Client 15 training ...                     simulate.py:277
[16:54:39] INFO       Client 15 done | train_loss=0.0974 |       simulate.py:283
                    n_train=3006 | local_test_macro_f1=nan                      
           INFO       Client 2 training ...                      simulate.py:277
[16:54:46] INFO       Client 2 done | train_loss=0.2785 |        simulate.py:283
                    n_train=843 | local_test_macro_f1=nan                       
           INFO       Client 5 training ...                      simulate.py:277
[16:54:50] INFO       Client 5 done | train_loss=0.7390 |        simulate.py:283
                    n_train=362 | local_test_macro_f1=nan                       
           INFO       Client 6 training ...                      simulate.py:277
[16:55:01] INFO       Client 6 done | train_loss=0.2777 |        simulate.py:283
                    n_train=1472 | local_test_macro_f1=nan                      
           INFO       Client 3 training ...                      simulate.py:277
[16:55:05] INFO       Client 3 done | train_loss=0.6728 |        simulate.py:283
                    n_train=268 | local_test_macro_f1=nan                       
           INFO       Client 16 training ...                     simulate.py:277
[16:55:16] INFO       Client 16 done | train_loss=0.2286 |       simulate.py:283
                    n_train=1610 | local_test_macro_f1=nan                      
           INFO       Aggregating (fedavg)                       simulate.py:301
[16:55:27] INFO     Round  10 | val F1=0.5104 acc=0.7201 |     server_app.py:144
                    test F1=0.4599 acc=0.6938                                   
FL rounds | isic2019_fedavg_a0.5_K20_E2_s44:  20%|██        | 10/50 [17:28<1:07:16, 100.91s/round] , tF1=0.460, vF1=0.510           INFO     Round 11/50 | sampled clients (10/20): 3,    simulate.py:264
                    13, 7, 15, 16, 19, 4, 12, 2, 9                              
           INFO       Client 3 training ...                      simulate.py:277
[16:55:31] INFO       Client 3 done | train_loss=0.6195 |        simulate.py:283
                    n_train=268 | local_test_macro_f1=nan                       
           INFO       Client 13 training ...                     simulate.py:277
[16:55:36] INFO       Client 13 done | train_loss=0.5224 |       simulate.py:283
                    n_train=567 | local_test_macro_f1=nan                       
           INFO       Client 7 training ...                      simulate.py:277
[16:55:41] INFO       Client 7 done | train_loss=0.4266 |        simulate.py:283
                    n_train=542 | local_test_macro_f1=nan                       
           INFO       Client 15 training ...                     simulate.py:277
