[18:28:22] INFO       Client 3 done | train_loss=0.1655 |        simulate.py:283
                    n_train=1031 | local_test_macro_f1=nan                      
           INFO       Client 9 training ...                      simulate.py:277
[18:28:28] INFO       Client 9 done | train_loss=0.1316 |        simulate.py:283
                    n_train=997 | local_test_macro_f1=nan                       
           INFO       Aggregating (fedavg)                       simulate.py:301
[18:28:34] INFO     Round  49 | val F1=0.7272 acc=0.8187 |     server_app.py:144
                    test F1=0.7334 acc=0.7937                                   
FL rounds | isic2018_fedavg_a100_K10_E2_s43:  98%|█████████▊| 49/50 [33:54<00:41, 41.24s/round] , tF1=0.733, vF1=0.727           INFO     Round 50/50 | sampled clients (5/10): 1, 0,  simulate.py:264
                    2, 3, 7                                                     
           INFO       Client 1 training ...                      simulate.py:277
[18:28:42] INFO       Client 1 done | train_loss=0.1973 |        simulate.py:283
                    n_train=851 | local_test_macro_f1=nan                       
           INFO       Client 0 training ...                      simulate.py:277
[18:28:50] INFO       Client 0 done | train_loss=0.1900 |        simulate.py:283
                    n_train=961 | local_test_macro_f1=nan                       
           INFO       Client 2 training ...                      simulate.py:277
[18:28:58] INFO       Client 2 done | train_loss=0.1412 |        simulate.py:283
                    n_train=1047 | local_test_macro_f1=nan                      
           INFO       Client 3 training ...                      simulate.py:277
[18:29:05] INFO       Client 3 done | train_loss=0.1530 |        simulate.py:283
                    n_train=1031 | local_test_macro_f1=nan                      
           INFO       Client 7 training ...                      simulate.py:277
[18:29:13] INFO       Client 7 done | train_loss=0.1661 |        simulate.py:283
                    n_train=1058 | local_test_macro_f1=nan                      
           INFO       Aggregating (fedavg)                       simulate.py:301
[18:29:19] INFO     Round  50 | val F1=0.7065 acc=0.8187 |     server_app.py:144
                    test F1=0.7373 acc=0.7970                                   
FL rounds | isic2018_fedavg_a100_K10_E2_s43: 100%|██████████| 50/50 [34:38<00:00, 41.53s/round] , tF1=0.737, vF1=0.706FL rounds | isic2018_fedavg_a100_K10_E2_s43: 100%|██████████| 50/50 [34:38<00:00, 41.58s/round] , tF1=0.737, vF1=0.706
[18:29:27] INFO     Selected round 20 (best validation macro-F1) simulate.py:336
                    | val F1=0.7886 | test F1=0.7403 acc=0.8049                 
           INFO     Results saved to                            strategies.py:93
                    /workspace/results_r1/isic2018_fedavg_a100_                 
                    K10_E2_s43/summary.json                                     
           INFO     Simulation complete. Results in              simulate.py:369
                    /workspace/results_r1/isic2018_fedavg_a100_K                
                    10_E2_s43/                                                  
           INFO     Done. Results in                    experiment_runner.py:321
                    /workspace/results_r1/isic2018_feda                         
                    vg_a100_K10_E2_s43/                                         
