[19:07:32] INFO       Client 1 done | train_loss=0.4998 |        simulate.py:283
                    n_train=421 | local_test_macro_f1=nan                       
           INFO       Client 2 training ...                      simulate.py:277
[19:07:43] INFO       Client 2 done | train_loss=0.0967 |        simulate.py:283
                    n_train=1550 | local_test_macro_f1=nan                      
           INFO       Aggregating (fedavg)                       simulate.py:301
[19:07:49] INFO     Round  49 | val F1=0.5688 acc=0.7772 |     server_app.py:144
                    test F1=0.6472 acc=0.7923                                   
FL rounds | isic2018_fedavg_a1_K10_E2_s44:  98%|█████████▊| 49/50 [35:26<00:41, 41.87s/round] , tF1=0.647, vF1=0.569           INFO     Round 50/50 | sampled clients (5/10): 6, 5,  simulate.py:264
                    8, 4, 1                                                     
           INFO       Client 6 training ...                      simulate.py:277
[19:07:58] INFO       Client 6 done | train_loss=0.1392 |        simulate.py:283
                    n_train=1313 | local_test_macro_f1=nan                      
           INFO       Client 5 training ...                      simulate.py:277
[19:08:04] INFO       Client 5 done | train_loss=0.2333 |        simulate.py:283
                    n_train=836 | local_test_macro_f1=nan                       
           INFO       Client 8 training ...                      simulate.py:277
[19:08:08] INFO       Client 8 done | train_loss=0.5155 |        simulate.py:283
                    n_train=461 | local_test_macro_f1=nan                       
           INFO       Client 4 training ...                      simulate.py:277
[19:08:15] INFO       Client 4 done | train_loss=0.0590 |        simulate.py:283
                    n_train=1347 | local_test_macro_f1=nan                      
           INFO       Client 1 training ...                      simulate.py:277
[19:08:18] INFO       Client 1 done | train_loss=0.5764 |        simulate.py:283
                    n_train=421 | local_test_macro_f1=nan                       
           INFO       Aggregating (fedavg)                       simulate.py:301
[19:08:23] INFO     Round  50 | val F1=0.5656 acc=0.7720 |     server_app.py:144
                    test F1=0.6750 acc=0.8009                                   
FL rounds | isic2018_fedavg_a1_K10_E2_s44: 100%|██████████| 50/50 [36:00<00:00, 41.28s/round] , tF1=0.675, vF1=0.566FL rounds | isic2018_fedavg_a1_K10_E2_s44: 100%|██████████| 50/50 [36:00<00:00, 43.21s/round] , tF1=0.675, vF1=0.566
[19:08:33] INFO     Selected round 12 (best validation macro-F1) simulate.py:336
                    | val F1=0.6532 | test F1=0.6575 acc=0.7784                 
           INFO     Results saved to                            strategies.py:93
                    /workspace/results_r1/isic2018_fedavg_a1_K1                 
                    0_E2_s44/summary.json                                       
           INFO     Simulation complete. Results in              simulate.py:369
                    /workspace/results_r1/isic2018_fedavg_a1_K10                
                    _E2_s44/                                                    
           INFO     Done. Results in                    experiment_runner.py:321
                    /workspace/results_r1/isic2018_feda                         
                    vg_a1_K10_E2_s44/                                           
