[13:07:33] INFO       Client 0 done | train_loss=0.5300 |        simulate.py:283
                    n_train=382 | local_test_macro_f1=nan                       
           INFO       Client 9 training ...                      simulate.py:277
[13:07:44] INFO       Client 9 done | train_loss=0.2542 |        simulate.py:283
                    n_train=1514 | local_test_macro_f1=nan                      
           INFO       Aggregating (fedadam)                      simulate.py:301
[13:07:54] INFO     Round  29 | val F1=0.5261 acc=0.7386 |     server_app.py:144
                    test F1=0.4633 acc=0.7123                                   
FL rounds | isic2019_fedadam_a0.5_K10_E2_eta0.001_s42:  58%|█████▊    | 29/50 [34:45<24:59, 71.40s/round] , tF1=0.463, vF1=0.526           INFO     Round 30/50 | sampled clients (5/10): 8, 0,  simulate.py:264
                    2, 7, 3                                                     
           INFO       Client 8 training ...                      simulate.py:277
[13:08:02] INFO       Client 8 done | train_loss=0.4539 |        simulate.py:283
                    n_train=1288 | local_test_macro_f1=nan                      
           INFO       Client 0 training ...                      simulate.py:277
[13:08:05] INFO       Client 0 done | train_loss=0.5229 |        simulate.py:283
                    n_train=382 | local_test_macro_f1=nan                       
           INFO       Client 2 training ...                      simulate.py:277
[13:08:25] INFO       Client 2 done | train_loss=0.1610 |        simulate.py:283
                    n_train=3523 | local_test_macro_f1=nan                      
           INFO       Client 7 training ...                      simulate.py:277
[13:08:29] INFO       Client 7 done | train_loss=0.8938 |        simulate.py:283
                    n_train=233 | local_test_macro_f1=nan                       
           INFO       Client 3 training ...                      simulate.py:277
[13:08:34] INFO       Client 3 done | train_loss=0.6006 |        simulate.py:283
                    n_train=713 | local_test_macro_f1=nan                       
           INFO       Aggregating (fedadam)                      simulate.py:301
[13:08:43] INFO     Round  30 | val F1=0.4732 acc=0.6747 |     server_app.py:144
                    test F1=0.4600 acc=0.6839                                   
FL rounds | isic2019_fedadam_a0.5_K10_E2_eta0.001_s42:  60%|██████    | 30/50 [35:34<23:09, 69.47s/round] , tF1=0.460, vF1=0.473           INFO     Round 31/50 | sampled clients (5/10): 7, 0,  simulate.py:264
                    9, 2, 1                                                     
           INFO       Client 7 training ...                      simulate.py:277
[13:08:46] INFO       Client 7 done | train_loss=0.9167 |        simulate.py:283
                    n_train=233 | local_test_macro_f1=nan                       
           INFO       Client 0 training ...                      simulate.py:277
[13:08:49] INFO       Client 0 done | train_loss=0.4506 |        simulate.py:283
                    n_train=382 | local_test_macro_f1=nan                       
           INFO       Client 9 training ...                      simulate.py:277
[13:08:55] INFO       Client 9 done | train_loss=0.2511 |        simulate.py:283
                    n_train=1514 | local_test_macro_f1=nan                      
           INFO       Client 2 training ...                      simulate.py:277
