[13:50:55] INFO       Client 3 done | train_loss=0.4779 |        simulate.py:283
                    n_train=749 | local_test_macro_f1=nan                       
           INFO       Client 2 training ...                      simulate.py:277
[13:51:06] INFO       Client 2 done | train_loss=0.3119 |        simulate.py:283
                    n_train=1340 | local_test_macro_f1=nan                      
           INFO       Aggregating (fedavg)                       simulate.py:301
[13:51:19] INFO     Round  49 | val F1=0.5710 acc=0.7323 |     server_app.py:144
                    test F1=0.5447 acc=0.7206                                   
FL rounds | isic2019_fedavg_a1_K10_E2_s42:  98%|█████████▊| 49/50 [1:08:07<01:26, 86.11s/round] , tF1=0.545, vF1=0.571           INFO     Round 50/50 | sampled clients (5/10): 4, 9,  simulate.py:264
                    2, 0, 5                                                     
           INFO       Client 4 training ...                      simulate.py:277
[13:51:29] INFO       Client 4 done | train_loss=0.3073 |        simulate.py:283
                    n_train=1387 | local_test_macro_f1=nan                      
           INFO       Client 9 training ...                      simulate.py:277
[13:51:44] INFO       Client 9 done | train_loss=0.2077 |        simulate.py:283
                    n_train=2013 | local_test_macro_f1=nan                      
           INFO       Client 2 training ...                      simulate.py:277
[13:51:53] INFO       Client 2 done | train_loss=0.2913 |        simulate.py:283
                    n_train=1340 | local_test_macro_f1=nan                      
           INFO       Client 0 training ...                      simulate.py:277
[13:52:09] INFO       Client 0 done | train_loss=0.1180 |        simulate.py:283
                    n_train=2347 | local_test_macro_f1=nan                      
           INFO       Client 5 training ...                      simulate.py:277
[13:52:32] INFO       Client 5 done | train_loss=0.1124 |        simulate.py:283
                    n_train=3088 | local_test_macro_f1=nan                      
           INFO       Aggregating (fedavg)                       simulate.py:301
[13:52:45] INFO     Round  50 | val F1=0.5770 acc=0.7493 |     server_app.py:144
                    test F1=0.5424 acc=0.7281                                   
FL rounds | isic2019_fedavg_a1_K10_E2_s42: 100%|██████████| 50/50 [1:09:33<00:00, 86.11s/round] , tF1=0.542, vF1=0.577FL rounds | isic2019_fedavg_a1_K10_E2_s42: 100%|██████████| 50/50 [1:09:33<00:00, 83.47s/round] , tF1=0.542, vF1=0.577
[13:53:02] INFO     Selected round 29 (best validation macro-F1) simulate.py:336
                    | val F1=0.5899 | test F1=0.5389 acc=0.7293                 
           INFO     Results saved to                            strategies.py:93
                    /workspace/results_r1/isic2019_fedavg_a1_K1                 
                    0_E2_s42/summary.json                                       
           INFO     Simulation complete. Results in              simulate.py:369
                    /workspace/results_r1/isic2019_fedavg_a1_K10                
                    _E2_s42/                                                    
           INFO     Done. Results in                    experiment_runner.py:321
                    /workspace/results_r1/isic2019_feda                         
                    vg_a1_K10_E2_s42/                                           
