                    Device: cuda                                                
           INFO     Client 7 | train=388 local_test=0          client_app.py:155
                    (fraction=0.00) | device=cuda                               
[18:30:02] INFO     Model: vgg16_bn | Classes: 7 | Params:          build.py:266
                    14,789,703 total (14,789,703 trainable) |                   
                    Device: cuda                                                
           INFO     Client 8 | train=48 local_test=0           client_app.py:155
                    (fraction=0.00) | device=cuda                               
[18:30:05] INFO     Model: vgg16_bn | Classes: 7 | Params:          build.py:266
                    14,789,703 total (14,789,703 trainable) |                   
                    Device: cuda                                                
           INFO     Client 9 | train=680 local_test=0          client_app.py:155
                    (fraction=0.00) | device=cuda                               
           INFO     Running initial centralized evaluation       simulate.py:194
                    (Round 0)                                                   
[18:30:16] INFO     Round   0 | val F1=0.0223 acc=0.0777 |     server_app.py:144
                    test F1=0.0261 acc=0.0556                                   
FL rounds | isic2018_fedavg_a0.1_K10_E2_s44:   0%|          | 0/50 [00:00<?, ?round/s]            INFO     Round 1/50 | sampled clients (5/10): 3, 4,   simulate.py:264
                    5, 2, 0                                                     
           INFO       Client 3 training ...                      simulate.py:277
[18:30:24] INFO       Client 3 done | train_loss=1.4157 |        simulate.py:283
                    n_train=32 | local_test_macro_f1=nan                        
           INFO       Client 4 training ...                      simulate.py:277
[18:30:33] INFO       Client 4 done | train_loss=1.2016 |        simulate.py:283
                    n_train=355 | local_test_macro_f1=nan                       
           INFO       Client 5 training ...                      simulate.py:277
[18:30:42] INFO       Client 5 done | train_loss=1.3956 |        simulate.py:283
                    n_train=115 | local_test_macro_f1=nan                       
           INFO       Client 2 training ...                      simulate.py:277
[18:30:49] INFO       Client 2 done | train_loss=1.4904 |        simulate.py:283
                    n_train=25 | local_test_macro_f1=nan                        
           INFO       Client 0 training ...                      simulate.py:277
[18:31:02] INFO       Client 0 done | train_loss=0.8527 |        simulate.py:283
                    n_train=1163 | local_test_macro_f1=nan                      
           INFO       Aggregating (fedavg)                       simulate.py:301
[18:31:09] INFO     Round   1 | val F1=0.1357 acc=0.1710 |     server_app.py:144
                    test F1=0.1430 acc=0.1839                                   
FL rounds | isic2018_fedavg_a0.1_K10_E2_s44:   2%|▏         | 1/50 [00:52<42:56, 52.59s/round] , tF1=0.143, vF1=0.136           INFO     Round 2/50 | sampled clients (5/10): 1, 3,   simulate.py:264
                    0, 5, 4                                                     
           INFO       Client 1 training ...                      simulate.py:277
