[15:16:24] INFO       Client 3 done | train_loss=0.0955 |        simulate.py:283
                    n_train=4294 | local_test_macro_f1=nan                      
           INFO       Client 0 training ...                      simulate.py:277
[15:17:21] INFO       Client 0 done | train_loss=0.0794 |        simulate.py:283
                    n_train=8547 | local_test_macro_f1=nan                      
           INFO       Aggregating (fedavg)                       simulate.py:301
[15:17:33] INFO     Round  26 | val F1=0.4859 acc=0.6921 |     server_app.py:144
                    test F1=0.4525 acc=0.6650                                   
FL rounds | isic2019_fedavg_a0.5_K5_E2_s43:  52%|█████▏    | 26/50 [30:22<28:11, 70.48s/round] , tF1=0.452, vF1=0.486           INFO     Round 27/50 | sampled clients (2/5): 0, 2    simulate.py:264
           INFO       Client 0 training ...                      simulate.py:277
[15:18:30] INFO       Client 0 done | train_loss=0.0663 |        simulate.py:283
                    n_train=8547 | local_test_macro_f1=nan                      
           INFO       Client 2 training ...                      simulate.py:277
[15:18:53] INFO       Client 2 done | train_loss=0.1463 |        simulate.py:283
                    n_train=2991 | local_test_macro_f1=nan                      
           INFO       Aggregating (fedavg)                       simulate.py:301
[15:19:08] INFO     Round  27 | val F1=0.4527 acc=0.6707 |     server_app.py:144
                    test F1=0.4172 acc=0.6413                                   
FL rounds | isic2019_fedavg_a0.5_K5_E2_s43:  54%|█████▍    | 27/50 [31:56<27:50, 72.63s/round] , tF1=0.417, vF1=0.453           INFO     Round 28/50 | sampled clients (2/5): 0, 2    simulate.py:264
           INFO       Client 0 training ...                      simulate.py:277
[15:20:06] INFO       Client 0 done | train_loss=0.0559 |        simulate.py:283
                    n_train=8547 | local_test_macro_f1=nan                      
           INFO       Client 2 training ...                      simulate.py:277
[15:20:30] INFO       Client 2 done | train_loss=0.1474 |        simulate.py:283
                    n_train=2991 | local_test_macro_f1=nan                      
           INFO       Aggregating (fedavg)                       simulate.py:301
[15:20:44] INFO     Round  28 | val F1=0.4166 acc=0.6660 |     server_app.py:144
                    test F1=0.4210 acc=0.6381                                   
FL rounds | isic2019_fedavg_a0.5_K5_E2_s43:  56%|█████▌    | 28/50 [33:33<27:24, 74.76s/round] , tF1=0.421, vF1=0.417           INFO     Round 29/50 | sampled clients (2/5): 1, 3    simulate.py:264
           INFO       Client 1 training ...                      simulate.py:277
[15:21:07] INFO       Client 1 done | train_loss=0.2152 |        simulate.py:283
                    n_train=3474 | local_test_macro_f1=nan                      
           INFO       Client 3 training ...                      simulate.py:277
[15:21:37] INFO       Client 3 done | train_loss=0.1204 |        simulate.py:283
                    n_train=4294 | local_test_macro_f1=nan                      
           INFO       Aggregating (fedavg)                       simulate.py:301
[15:21:50] INFO     Round  29 | val F1=0.4946 acc=0.6052 |     server_app.py:144
                    test F1=0.4701 acc=0.5852                                   
FL rounds | isic2019_fedavg_a0.5_K5_E2_s43:  58%|█████▊    | 29/50 [34:39<25:53, 73.97s/round] , tF1=0.470, vF1=0.495           INFO     Round 30/50 | sampled clients (2/5): 0, 4    simulate.py:264
           INFO       Client 0 training ...                      simulate.py:277
