[13:41:53] INFO       Client 3 done | train_loss=1.2684 |        simulate.py:283
                    n_train=524 | local_test_macro_f1=nan                       
           INFO       Aggregating (fedadam)                      simulate.py:301
[13:41:58] INFO     Round  14 | val F1=0.0044 acc=0.0155 |     server_app.py:144
                    test F1=0.0063 acc=0.0225                                   
FL rounds | isic2018_fedadam_a0.5_K10_E2_eta1e-5_s42:  28%|██▊       | 14/50 [10:10<24:47, 41.32s/round] , tF1=0.006, vF1=0.004           INFO     Round 15/50 | sampled clients (5/10): 5, 2,  simulate.py:264
                    3, 1, 7                                                     
           INFO       Client 5 training ...                      simulate.py:277
[13:42:01] INFO       Client 5 done | train_loss=1.3673 |        simulate.py:283
                    n_train=326 | local_test_macro_f1=nan                       
           INFO       Client 2 training ...                      simulate.py:277
[13:42:09] INFO       Client 2 done | train_loss=0.9350 |        simulate.py:283
                    n_train=1087 | local_test_macro_f1=nan                      
           INFO       Client 3 training ...                      simulate.py:277
[13:42:13] INFO       Client 3 done | train_loss=1.2356 |        simulate.py:283
                    n_train=524 | local_test_macro_f1=nan                       
           INFO       Client 1 training ...                      simulate.py:277
[13:42:20] INFO       Client 1 done | train_loss=1.0528 |        simulate.py:283
                    n_train=1034 | local_test_macro_f1=nan                      
           INFO       Client 7 training ...                      simulate.py:277
[13:42:24] INFO       Client 7 done | train_loss=1.3906 |        simulate.py:283
                    n_train=338 | local_test_macro_f1=nan                       
           INFO       Aggregating (fedadam)                      simulate.py:301
[13:42:30] INFO     Round  15 | val F1=0.0091 acc=0.0104 |     server_app.py:144
                    test F1=0.0214 acc=0.0271                                   
FL rounds | isic2018_fedadam_a0.5_K10_E2_eta1e-5_s42:  30%|███       | 15/50 [10:42<23:29, 40.27s/round] , tF1=0.021, vF1=0.009           INFO     Round 16/50 | sampled clients (5/10): 3, 7,  simulate.py:264
                    5, 9, 4                                                     
           INFO       Client 3 training ...                      simulate.py:277
[13:42:35] INFO       Client 3 done | train_loss=1.2545 |        simulate.py:283
                    n_train=524 | local_test_macro_f1=nan                       
           INFO       Client 7 training ...                      simulate.py:277
[13:42:39] INFO       Client 7 done | train_loss=1.3778 |        simulate.py:283
                    n_train=338 | local_test_macro_f1=nan                       
           INFO       Client 5 training ...                      simulate.py:277
[13:42:42] INFO       Client 5 done | train_loss=1.3675 |        simulate.py:283
                    n_train=326 | local_test_macro_f1=nan                       
           INFO       Client 9 training ...                      simulate.py:277
[13:42:52] INFO       Client 9 done | train_loss=0.9718 |        simulate.py:283
                    n_train=1591 | local_test_macro_f1=nan                      
           INFO       Client 4 training ...                      simulate.py:277
