[16:17:09] INFO       Client 8 done | train_loss=0.0557 |        simulate.py:283
                    n_train=4421 | local_test_macro_f1=nan                      
           INFO       Aggregating (fedprox)                      simulate.py:301
[16:17:19] INFO     Round  45 | val F1=0.5435 acc=0.7189 |     server_app.py:144
                    test F1=0.4901 acc=0.7159                                   
FL rounds | isic2019_fedprox_a0.5_K10_E2_mu0.1_s44:  90%|█████████ | 45/50 [58:35<06:34, 78.96s/round] , tF1=0.490, vF1=0.543           INFO     Round 46/50 | sampled clients (5/10): 1, 3,  simulate.py:264
                    5, 0, 8                                                     
           INFO       Client 1 training ...                      simulate.py:277
[16:17:24] INFO       Client 1 done | train_loss=0.6071 |        simulate.py:283
                    n_train=702 | local_test_macro_f1=nan                       
           INFO       Client 3 training ...                      simulate.py:277
[16:17:29] INFO       Client 3 done | train_loss=0.7622 |        simulate.py:283
                    n_train=453 | local_test_macro_f1=nan                       
           INFO       Client 5 training ...                      simulate.py:277
[16:17:36] INFO       Client 5 done | train_loss=0.6193 |        simulate.py:283
                    n_train=893 | local_test_macro_f1=nan                       
           INFO       Client 0 training ...                      simulate.py:277
[16:17:40] INFO       Client 0 done | train_loss=0.5455 |        simulate.py:283
                    n_train=394 | local_test_macro_f1=nan                       
           INFO       Client 8 training ...                      simulate.py:277
[16:18:08] INFO       Client 8 done | train_loss=0.0527 |        simulate.py:283
                    n_train=4421 | local_test_macro_f1=nan                      
           INFO       Aggregating (fedprox)                      simulate.py:301
[16:18:20] INFO     Round  46 | val F1=0.5289 acc=0.7142 |     server_app.py:144
                    test F1=0.4709 acc=0.7013                                   
FL rounds | isic2019_fedprox_a0.5_K10_E2_mu0.1_s44:  92%|█████████▏| 46/50 [59:36<05:09, 77.46s/round] , tF1=0.471, vF1=0.529           INFO     Round 47/50 | sampled clients (5/10): 0, 1,  simulate.py:264
                    8, 7, 2                                                     
           INFO       Client 0 training ...                      simulate.py:277
[16:18:24] INFO       Client 0 done | train_loss=0.6560 |        simulate.py:283
                    n_train=394 | local_test_macro_f1=nan                       
           INFO       Client 1 training ...                      simulate.py:277
[16:18:31] INFO       Client 1 done | train_loss=0.7464 |        simulate.py:283
                    n_train=702 | local_test_macro_f1=nan                       
           INFO       Client 8 training ...                      simulate.py:277
[16:18:58] INFO       Client 8 done | train_loss=0.0527 |        simulate.py:283
                    n_train=4421 | local_test_macro_f1=nan                      
           INFO       Client 7 training ...                      simulate.py:277
[16:19:14] INFO       Client 7 done | train_loss=0.2595 |        simulate.py:283
                    n_train=2594 | local_test_macro_f1=nan                      
           INFO       Client 2 training ...                      simulate.py:277
