[11:20:03] INFO       Client 3 done | train_loss=0.6915 |        simulate.py:283
                    n_train=713 | local_test_macro_f1=nan                       
           INFO       Client 2 training ...                      simulate.py:277
[11:20:27] INFO       Client 2 done | train_loss=0.0592 |        simulate.py:283
                    n_train=3523 | local_test_macro_f1=nan                      
           INFO       Aggregating (fedavg)                       simulate.py:301
[11:20:37] INFO     Round  49 | val F1=0.5379 acc=0.7367 |     server_app.py:144
                    test F1=0.4999 acc=0.7238                                   
FL rounds | isic2019_fedavg_a0.5_K10_E2_s42:  98%|█████████▊| 49/50 [1:04:46<01:21, 81.12s/round] , tF1=0.500, vF1=0.538           INFO     Round 50/50 | sampled clients (5/10): 4, 9,  simulate.py:264
                    2, 0, 5                                                     
           INFO       Client 4 training ...                      simulate.py:277
[11:20:59] INFO       Client 4 done | train_loss=0.1750 |        simulate.py:283
                    n_train=3342 | local_test_macro_f1=nan                      
           INFO       Client 9 training ...                      simulate.py:277
[11:21:10] INFO       Client 9 done | train_loss=0.2297 |        simulate.py:283
                    n_train=1514 | local_test_macro_f1=nan                      
           INFO       Client 2 training ...                      simulate.py:277
[11:21:33] INFO       Client 2 done | train_loss=0.0608 |        simulate.py:283
                    n_train=3523 | local_test_macro_f1=nan                      
           INFO       Client 0 training ...                      simulate.py:277
[11:21:37] INFO       Client 0 done | train_loss=0.8387 |        simulate.py:283
                    n_train=382 | local_test_macro_f1=nan                       
           INFO       Client 5 training ...                      simulate.py:277
[11:22:01] INFO       Client 5 done | train_loss=0.0643 |        simulate.py:283
                    n_train=3672 | local_test_macro_f1=nan                      
           INFO       Aggregating (fedavg)                       simulate.py:301
[11:22:12] INFO     Round  50 | val F1=0.5309 acc=0.7371 |     server_app.py:144
                    test F1=0.5027 acc=0.7305                                   
FL rounds | isic2019_fedavg_a0.5_K10_E2_s42: 100%|██████████| 50/50 [1:06:20<00:00, 82.20s/round] , tF1=0.503, vF1=0.531FL rounds | isic2019_fedavg_a0.5_K10_E2_s42: 100%|██████████| 50/50 [1:06:20<00:00, 79.62s/round] , tF1=0.503, vF1=0.531
[11:22:27] INFO     Selected round 34 (best validation macro-F1) simulate.py:336
                    | val F1=0.5532 | test F1=0.4897 acc=0.6934                 
           INFO     Results saved to                            strategies.py:93
                    /workspace/results_r1/isic2019_fedavg_a0.5_                 
                    K10_E2_s42/summary.json                                     
           INFO     Simulation complete. Results in              simulate.py:369
                    /workspace/results_r1/isic2019_fedavg_a0.5_K                
                    10_E2_s42/                                                  
           INFO     Done. Results in                    experiment_runner.py:321
                    /workspace/results_r1/isic2019_feda                         
                    vg_a0.5_K10_E2_s42/                                         
