[13:41:56] INFO       Client 3 done | train_loss=0.1891 |        simulate.py:283
                    n_train=524 | local_test_macro_f1=nan                       
           INFO       Client 2 training ...                      simulate.py:277
[13:42:02] INFO       Client 2 done | train_loss=0.0162 |        simulate.py:283
                    n_train=1087 | local_test_macro_f1=nan                      
           INFO       Aggregating (fedprox)                      simulate.py:301
[13:42:07] INFO     Round  49 | val F1=0.5236 acc=0.7772 |     server_app.py:144
                    test F1=0.6135 acc=0.7685                                   
FL rounds | isic2018_fedprox_a0.5_K10_E2_mu0.001_s42:  98%|█████████▊| 49/50 [32:44<00:38, 38.54s/round] , tF1=0.613, vF1=0.524           INFO     Round 50/50 | sampled clients (5/10): 4, 9,  simulate.py:264
                    2, 0, 5                                                     
           INFO       Client 4 training ...                      simulate.py:277
[13:42:13] INFO       Client 4 done | train_loss=0.1373 |        simulate.py:283
                    n_train=863 | local_test_macro_f1=nan                       
           INFO       Client 9 training ...                      simulate.py:277
[13:42:23] INFO       Client 9 done | train_loss=0.0769 |        simulate.py:283
                    n_train=1591 | local_test_macro_f1=nan                      
           INFO       Client 2 training ...                      simulate.py:277
[13:42:30] INFO       Client 2 done | train_loss=0.0183 |        simulate.py:283
                    n_train=1087 | local_test_macro_f1=nan                      
           INFO       Client 0 training ...                      simulate.py:277
[13:42:35] INFO       Client 0 done | train_loss=0.1624 |        simulate.py:283
                    n_train=755 | local_test_macro_f1=nan                       
           INFO       Client 5 training ...                      simulate.py:277
[13:42:39] INFO       Client 5 done | train_loss=0.3580 |        simulate.py:283
                    n_train=326 | local_test_macro_f1=nan                       
           INFO       Aggregating (fedprox)                      simulate.py:301
[13:42:43] INFO     Round  50 | val F1=0.4755 acc=0.7565 |     server_app.py:144
                    test F1=0.6458 acc=0.7804                                   
FL rounds | isic2018_fedprox_a0.5_K10_E2_mu0.001_s42: 100%|██████████| 50/50 [33:20<00:00, 38.37s/round] , tF1=0.646, vF1=0.475FL rounds | isic2018_fedprox_a0.5_K10_E2_mu0.001_s42: 100%|██████████| 50/50 [33:20<00:00, 40.01s/round] , tF1=0.646, vF1=0.475
[13:42:51] INFO     Selected round 35 (best validation macro-F1) simulate.py:336
                    | val F1=0.6766 | test F1=0.6214 acc=0.7765                 
           INFO     Results saved to                            strategies.py:93
                    /workspace/results_r1/isic2018_fedprox_a0.5                 
                    _K10_E2_mu0.001_s42/summary.json                            
           INFO     Simulation complete. Results in              simulate.py:369
                    /workspace/results_r1/isic2018_fedprox_a0.5_                
                    K10_E2_mu0.001_s42/                                         
           INFO     Done. Results in                    experiment_runner.py:321
                    /workspace/results_r1/isic2018_fedp                         
                    rox_a0.5_K10_E2_mu0.001_s42/                                
